[WAIT-FOR-RUN] 19:30:50 waiting for lock in /home/u1/aero-im (0s)...
[WAIT-FOR-RUN] 19:31:50 waiting for lock in /home/u1/aero-im (60s)...
[WAIT-FOR-RUN] 19:32:50 waiting for lock in /home/u1/aero-im (120s)...
[WAIT-FOR-RUN] 19:33:50 waiting for lock in /home/u1/aero-im (180s)...
[WAIT-FOR-RUN] 19:34:50 waiting for lock in /home/u1/aero-im (240s)...
[WAIT-FOR-RUN] 19:35:50 waiting for lock in /home/u1/aero-im (300s)...
[WAIT-FOR-RUN] 19:36:50 waiting for lock in /home/u1/aero-im (360s)...
[WAIT-FOR-RUN] 19:37:50 waiting for lock in /home/u1/aero-im (420s)...
[WAIT-FOR-RUN] 19:38:50 waiting for lock in /home/u1/aero-im (480s)...
[WAIT-FOR-RUN] 19:39:50 waiting for lock in /home/u1/aero-im (540s)...
[WAIT-FOR-RUN] 19:40:50 waiting for lock in /home/u1/aero-im (600s)...
[WAIT-FOR-RUN] 19:41:50 waiting for lock in /home/u1/aero-im (660s)...
[WAIT-FOR-RUN] 19:42:50 waiting for lock in /home/u1/aero-im (720s)...
[WAIT-FOR-RUN] 19:43:50 waiting for lock in /home/u1/aero-im (780s)...
[WAIT-FOR-RUN] 19:44:50 waiting for lock in /home/u1/aero-im (840s)...
[WAIT-FOR-RUN] 19:45:50 waiting for lock in /home/u1/aero-im (900s)...
[WAIT-FOR-RUN] 19:46:50 waiting for lock in /home/u1/aero-im (960s)...
[WAIT-FOR-RUN] 19:47:50 waiting for lock in /home/u1/aero-im (1020s)...
[WAIT-FOR-RUN] 19:48:50 waiting for lock in /home/u1/aero-im (1080s)...
[WAIT-FOR-RUN] 19:49:50 waiting for lock in /home/u1/aero-im (1140s)...
[WAIT-FOR-RUN] 19:50:50 waiting for lock in /home/u1/aero-im (1200s)...
[WAIT-FOR-RUN] 19:51:50 waiting for lock in /home/u1/aero-im (1260s)...
[WAIT-FOR-RUN] 19:52:50 waiting for lock in /home/u1/aero-im (1320s)...
[WAIT-FOR-RUN] lock free — starting: python3 pi-batch.py docs/campaigns/tasks-compose-2026-017.yaml --session-mode shared --session-name compose-017-im --no-git-commit --retries 2 --log-file docs/campaigns/run.log
19:53:51 [INFO] 
19:53:51 [INFO] ============================================================
19:53:51 [INFO] ROUND 1 of 1
19:53:51 [INFO] ============================================================
19:53:51 [INFO] -- [1/1] --
19:53:51 [INFO] >>  pi -p 已批准的组合变更 COMPOSE-2026-017。本仓库（aero-im）职责： 消费 vault.file.notify@1.1（自包含载荷）→ 站内通知送...  [model=default]  [timeout=900s]  [dir=/home/u1/aero-im]
